// Jest Snapshot v1, https://goo.gl/fbAQLP

exports[`calling render with the same component on the same container does not remount 1`] = `
.emotion-0 {
  line-height: 1.15;
  -ms-text-size-adjust: 100%;
  -webkit-text-size-adjust: 100%;
  -webkit-appearance: button;
  margin: 0;
  padding: 0;
  border: 0;
  box-sizing: border-box;
  font: 100% inherit;
  line-height: 1;
  text-align: left;
  -webkit-text-decoration: none;
  text-decoration: none;
  vertical-align: baseline;
  color: inherit;
  background: none;
  cursor: inherit;
  display: inline-block;
  max-width: 100%;
  cursor: pointer;
  color: #282828;
  font-family: 'Source Sans Pro','Helvetica Neue',Arial;
  font-size: 16px;
  font-weight: 600;
  line-height: 1em;
  -webkit-letter-spacing: 0;
  -moz-letter-spacing: 0;
  -ms-letter-spacing: 0;
  letter-spacing: 0;
  -webkit-text-decoration: none;
  text-decoration: none;
  -webkit-font-smoothing: antialiased;
  padding: 8px 16px;
  min-height: 40px;
  color: #FFFFFF;
  background: linear-gradient(0deg,#2A6EBB 0%,#4387d5 100%);
  border-radius: 2px;
  text-align: center;
  text-shadow: 0 1px 1px #00357A;
  cursor: pointer;
}

.emotion-0:-moz-focusring {
  outline: 1px dotted ButtonText;
}

.emotion-0::-moz-focus-inner {
  border-style: none;
  padding: 0;
}

.emotion-0::-webkit-file-upload-button {
  -webkit-appearance: button;
  font: inherit;
}

.emotion-0::-webkit-inner-spin-button {
  height: auto;
}

.emotion-0::-webkit-outer-spin-button {
  height: auto;
}

.emotion-0:focus {
  outline: 0;
  position: relative;
}

.emotion-0:focus:after {
  content: '';
  position: absolute;
  top: -4px;
  right: -4px;
  bottom: -4px;
  left: -4px;
  border-radius: 4px;
  background-color: transparent;
  border: 1px solid #E97025;
  box-sizing: border-box;
  box-shadow: 0 0 10px 0 #E97025;
  z-index: 9999;
}

.emotion-0:focus:not(:focus-visible):after {
  content: none;
}

.emotion-0:hover {
  background: linear-gradient(0deg,#2E78CC 0%,#5492d9 100%);
}

.emotion-0:active {
  background: linear-gradient(0deg,#235A9A 0%,#2c72c4 100%);
}

.emotion-0.fi-button--disabled,
.emotion-0[disabled],
.emotion-0:disabled {
  text-shadow: 0 1px 1px #282828;
  background: linear-gradient(0deg,#A5ACB1 0%,#c0c5c9 100%);
  pointer-events: none;
  -webkit-user-select: none;
  -moz-user-select: none;
  -ms-user-select: none;
  user-select: none;
}

.emotion-0.fi-button--negative {
  background: none;
  background-color: #2A6EBB;
  border: 1px solid #FFFFFF;
  text-shadow: none;
}

.emotion-0.fi-button--negative:hover {
  background: linear-gradient(-180deg,rgba(255,255,255,0.1) 0%,rgba(255,255,255,0) 100%);
}

.emotion-0.fi-button--negative:active {
  background: none;
  background-color: #2A6EBB;
}

.emotion-0.fi-button--negative[disabled],
.emotion-0.fi-button--negative:disabled {
  opacity: 0.5;
  background: none;
}

.emotion-0.fi-button--secondary {
  color: #2A6EBB;
  background: none;
  background-color: #FFFFFF;
  border: 1px solid #2A6EBB;
  text-shadow: none;
}

.emotion-0.fi-button--secondary:hover {
  background: linear-gradient(0deg,#ECEDEE 0%,#FFFFFF 100%);
}

.emotion-0.fi-button--secondary:active {
  background: none;
  background-color: #F7FAFD;
}

.emotion-0.fi-button--secondary[disabled],
.emotion-0.fi-button--secondary:disabled {
  color: #A5ACB1;
  text-shadow: none;
  background: none;
  background-color: #F7FAFD;
  border-color: #A5ACB1;
}

.emotion-0.fi-button--secondary-noborder {
  color: #2A6EBB;
  background: none;
  background-color: #FFFFFF;
  border: 1px solid #2A6EBB;
  text-shadow: none;
  border: none;
}

.emotion-0.fi-button--secondary-noborder:hover {
  background: linear-gradient(0deg,#ECEDEE 0%,#FFFFFF 100%);
}

.emotion-0.fi-button--secondary-noborder:active {
  background: none;
  background-color: #F7FAFD;
}

.emotion-0.fi-button--secondary-noborder[disabled],
.emotion-0.fi-button--secondary-noborder:disabled {
  color: #A5ACB1;
  text-shadow: none;
  background: none;
  background-color: #F7FAFD;
  border-color: #A5ACB1;
}

.emotion-0.fi-button--tertiary {
  color: #2A6EBB;
  background: none;
  background-color: #FFFFFF;
  border: 1px solid #2A6EBB;
  text-shadow: none;
  background: #EAF2FA;
  border: none;
}

.emotion-0.fi-button--tertiary:hover {
  background: linear-gradient(0deg,#ECEDEE 0%,#FFFFFF 100%);
}

.emotion-0.fi-button--tertiary:active {
  background: none;
  background-color: #F7FAFD;
}

.emotion-0.fi-button--tertiary[disabled],
.emotion-0.fi-button--tertiary:disabled {
  color: #A5ACB1;
  text-shadow: none;
  background: none;
  background-color: #F7FAFD;
  border-color: #A5ACB1;
}

.emotion-0.fi-button--tertiary:hover {
  background: #F7FAFD;
}

.emotion-0.fi-button--tertiary:active {
  background: #F7FAFD;
}

.emotion-0 > .fi-button-icon {
  width: 16px;
  height: 16px;
  margin-right: 8px;
}

.emotion-0 > .fi-button-icon.fi-button-icon--right {
  margin-right: 0;
  margin-left: 8px;
}

<button
  aria-disabled="false"
  class="fi-button emotion-0"
  data-testid="button"
  tabindex="0"
  type="button"
>
  Test
</button>
`;
