// Jest Snapshot v1, https://goo.gl/fbAQLP

exports[`calling render with the same component on the same container does not remount 1`] = `
.emotion-0 {
  display: inline-block;
  vertical-align: bottom;
}

<svg
  aria-hidden="true"
  class="emotion-0"
  data-testid="icon"
  focusable="false"
  height="1em"
  style="fill: #00357A;"
  viewBox="0 0 24 24"
  width="1em"
>
  <path
    d="M22.01 0c1.103 0 2 .897 2 2v20c0 1.103-.897 2-2 2H10c-1.103 0-2-.897-2-2v-5a1 1 0 0 1 2 0v5h12.01V2H10v5a1 1 0 0 1-2 0V2c0-1.103.897-2 2-2h12.01zm-9.717 15.293L14.586 13H1a1 1 0 0 1 0-2h13.586l-2.293-2.293a.999.999 0 1 1 1.414-1.414l4 4a.999.999 0 0 1 .216 1.089.999.999 0 0 1-.216.325l-4 4a.997.997 0 0 1-1.414 0 .999.999 0 0 1 0-1.414z"
  />
</svg>
`;
